---
source: memory-core/tests/adr044_snapshot_tests.rs
assertion_line: 68
expression: feedback
---
RecommendationFeedback {
    session_id: 00000000-0000-0000-0000-000000000064,
    applied_pattern_ids: [
        "p-1",
    ],
    consulted_episode_ids: [
        00000000-0000-0000-0000-000000000190,
    ],
    outcome: Success {
        verdict: "Task completed successfully",
        artifacts: [
            "app.rs",
        ],
    },
    agent_rating: Some(
        0.95,
    ),
}
