---
source: memory-cli/tests/snapshot_tests.rs
expression: stdout
---
Episode management commands

Usage: do-memory-cli episode <COMMAND>

Commands:
  create         Create a new episode
  list           List episodes
  filter         Manage saved episode filters
  view           View episode details
  complete       Complete an episode
  delete         Delete an episode
  update         Update an episode
  search         Search episodes
  log-step       Log an execution step
  bulk           Retrieve multiple episodes by IDs (comma-separated)
  checkpoint     Create a checkpoint for an in-progress episode (ADR-044 Feature 3)
  handoff        Get a handoff pack from a checkpoint (ADR-044 Feature 3)
  resume         Resume work from a checkpoint in a new episode (ADR-044 Feature 3)
  relationships  Manage episode relationships
  help           Print this message or the help of the given subcommand(s)

Options:
  -h, --help  Print help
