---
source: tests/behaviour_harness.rs
expression: "format!(\"task={}, steps={}, complete={}, reward={:?}\",\nrecalled.task_description, recalled.steps.len(), recalled.outcome.is_some(),\nrecalled.reward.as_ref().map(|r| r.total))"
---
task=Implement JWT authentication middleware, steps=1, complete=true, reward=Some(1.885494)
