---
source: memory-mcp/tests/snapshot_tests.rs
expression: output
---
{
  "success": true,
  "provider": "openai",
  "model": "text-embedding-3-small",
  "dimension": 1536,
  "message": "Activated openai provider with model text-embedding-3-small (dimension: 1536, revision: 1)",
  "warnings": [],
  "activation_revision": 1,
  "reindex_required": false,
  "provider_health": "active",
  "storage_mode": "durable",
  "storage_scope": "emb_v1:openai:text-embedding-3-small:1536#r42"
}
