---
source: memory-mcp/tests/snapshot_tests.rs
expression: output
---
{
  "success": true,
  "provider": "openai",
  "model": "text-embedding-3-small",
  "dimension": 1536,
  "message": "Activated openai provider with model text-embedding-3-small (dimension: 1536, revision: 1)",
  "warnings": [],
  "activation_revision": 1,
  "reindex_required": false,
  "provider_health": "active"
}
